MariaDB [(none)]> cd \
    -> ;
ERROR 1064 (42000): You have an error in your SQL syntax; check the manual that corresponds to your MariaDB server version for the right syntax to use near 'cd' at line 1
MariaDB [(none)]> MariaDB [(none)]> select databases;
ERROR 1064 (42000): You have an error in your SQL syntax; check the manual that corresponds to your MariaDB server version for the right syntax to use near 'databases' at line 1
MariaDB [(none)]> select database;
ERROR 1064 (42000): You have an error in your SQL syntax; check the manual that corresponds to your MariaDB server version for the right syntax to use near '' at line 1
MariaDB [(none)]> use database;
ERROR 1049 (42000): Unknown database 'database'
MariaDB [(none)]> use databases;
ERROR 1049 (42000): Unknown database 'databases'
MariaDB [(none)]> use uas;
Database changed
MariaDB [uas]> show tables;
+------------------------+
| Tables_in_uas          |
+------------------------+
| failed_jobs            |
| migrations             |
| password_resets        |
| personal_access_tokens |
| task_categories        |
| task_dailies           |
| task_indicators        |
| task_persons           |
| task_plans             |
| users                  |
+------------------------+
10 rows in set (0.021 sec)

MariaDB [uas]> SELECT a.task_id, b.task_name, c.task_status d.id, d.category_name, e.indicator_name, f.id, f.name, b.task_priority
    -> FROM task_persons a
    -> RIGHT JOIN task_plans b, task_categories d,task_indicators e, users f
    -> 
    -> WHERE users.name = User A
    -> ;
ERROR 1064 (42000): You have an error in your SQL syntax; check the manual that corresponds to your MariaDB server version for the right syntax to use near '.id, d.category_name, e.indicator_name, f.id, f.name, b.task_priority
FROM ta...' at line 1
MariaDB [uas]> SELECT a.task_id, b.task_name, c.task_status, b.category_id, d.category_name, e.indicator_name, b.user_create, f.name, b.task_priority
    -> FROM task_persons a
    -> RIGHT JOIN task_plans b, task_categories d,task_indicators e, users f
    -> 
    -> WHERE f.name = 'User A'
    -> ;
ERROR 1064 (42000): You have an error in your SQL syntax; check the manual that corresponds to your MariaDB server version for the right syntax to use near ' task_categories d,task_indicators e, users f

WHERE f.name = 'User A'' at line 3
MariaDB [uas]> SELECT a.id, a.task_name, a.task_status, b.indicator_name, c.id, c.name, a.task_priority
    -> FROM task_plans a
    -> LEFT JOIN task_indicators b ON task_plans.indicators_id = task_indicators.id
    -> LEFT JOIN users c ON users.id = task_plans.user_create
    -> 
    -> WHERE c.name = 'User A';
ERROR 1054 (42S22): Unknown column 'task_plans.indicators_id' in 'on clause'
MariaDB [uas]> SELECT 
    -> a.id, a.task_name, b.task_status, b.task_comments, d.category_name as 'Category',
    -> DATEDIFF(a.task_duration_end, a.task_duration_start) as 'Lama Pengerjaan',
    -> c.name as 'Create By', (SELECT name from users where users.id = task_dailies.user_verify_id ) as 'Verified By'
    -> FROM task_plans a
    -> RIGHT JOIN task_dailies b ON a.id = b.plan_id
    -> INNER JOIN users c ON b.id = c.id
    -> RIGHT JOIN task_categories d ON a.category_id = d.id
    -> ;
ERROR 1054 (42S22): Unknown column 'a.task_duration_start' in 'field list'
MariaDB [uas]> SELECT 
    -> a.id, a.task_name, b.task_status, b.task_comments, d.category_name as 'Category',
    -> DATEDIFF(a.task_duration_end, a.ask_duration_start) as 'Lama Pengerjaan',
    -> c.name as 'Create By', (SELECT name from users where users.id = task_dailies.user_verify_id ) as 'Verified By'
    -> FROM task_plans a
    -> RIGHT JOIN task_dailies b ON a.id = b.plan_id
    -> INNER JOIN users c ON b.id = c.id
    -> RIGHT JOIN task_categories d ON a.category_id = d.id;
ERROR 1054 (42S22): Unknown column 'task_dailies.user_verify_id' in 'where clause'
MariaDB [uas]> SELECT 
    -> a.id, a.task_name, b.task_status, b.task_comments, d.category_name as 'Kategori',
    -> DATEDIFF(a.task_duration_end, a.ask_duration_start) as 'Lama Pengerjaan',
    -> c.name as 'Create By', (SELECT name from users where users.id = task_dailies.user_verify_id ) as 'Verified By'
    -> FROM task_plans a
    -> RIGHT JOIN task_dailies b ON a.id = b.plan_id
    -> INNER JOIN users c ON b.id = c.id
    -> RIGHT JOIN task_categories d ON a.category_id = d.id
    -> ;
ERROR 1054 (42S22): Unknown column 'task_dailies.user_verify_id' in 'where clause'
